/dev/disk3s5   228Gi   187Gi    14Gi    94%    2.0M  142M    1%   /System/Volumes/Data
== bitcpm4-8b-tq2_0-oq4_k-eq3_k.gguf  file=2256322816 B (2151.8 MiB)  tensors=2150.2 MiB
   TQ2_0    n= 224     1864.5 MiB
   Q4_K     n=   1      161.4 MiB
   Q3_K     n=   1      123.3 MiB
   F32      n=  67        1.0 MiB
   body(blk.*)=1865.5 MiB  output[Q4_K]=161.4 MiB  embd[Q3_K]=123.3 MiB  other=0.0 MiB
   body by type: {'TQ2_0': '1864.5', 'F32': '1.0'}
4.24.184.557 I Final estimate: PPL = 10.5726 +/- 0.50948
tg128 avg_ts=18.94 +/- 0.18 tok/s
[bitcpm4-8b-tq2_0-oq4_k-eq3_k] done 04:39:27
== bitcpm4-8b-tq2_0-oq4_k-eiq4_xs.gguf  file=2286877184 B (2180.9 MiB)  tensors=2179.3 MiB
   TQ2_0    n= 224     1864.5 MiB
   Q4_K     n=   1      161.4 MiB
   IQ4_XS   n=   1      152.4 MiB
   F32      n=  67        1.0 MiB
   body(blk.*)=1865.5 MiB  output[Q4_K]=161.4 MiB  embd[IQ4_XS]=152.4 MiB  other=0.0 MiB
   body by type: {'TQ2_0': '1864.5', 'F32': '1.0'}
5.23.739.440 I Final estimate: PPL = 10.5671 +/- 0.50884
tg128 avg_ts=21.28 +/- 0.85 tok/s
[bitcpm4-8b-tq2_0-oq4_k-eiq4_xs] done 04:48:11
== bitcpm4-8b-tq1_0-oq4_k-eq4_k.gguf  file=1940811264 B (1850.9 MiB)  tensors=1849.3 MiB
   TQ1_0    n= 224     1525.5 MiB
   Q4_K     n=   2      322.8 MiB
   F32      n=  67        1.0 MiB
   body(blk.*)=1526.5 MiB  output[Q4_K]=161.4 MiB  embd[Q4_K]=161.4 MiB  other=0.0 MiB
   body by type: {'TQ1_0': '1525.5', 'F32': '1.0'}
6.52.864.918 I Final estimate: PPL = 10.5722 +/- 0.50925
tg128 avg_ts=14.41 +/- 0.33 tok/s
[bitcpm4-8b-tq1_0-oq4_k-eq4_k] done 04:57:38
BATCH2 DONE 04:57:38
